10 ^      -100 x  1.2345678901234567890123456789,
10 ^         0 x  3.14159265358979323846264338327950288419716939937510582097,
10 ^         0 x  2.71828182845904523536028747135266249775724709369995957496,
10 ^         8 x  1.5929408,
10 ^        14 x  1.52779903171104,
10 ^         7 x  1.79886916621058384791816469746598239276010631272205670324,
10 ^         6 x  4.24655405854065559427127871323097782191862421687286286356,
10 ^         6 x  1.8734,
10 ^         6 x  3.7468,
10 ^         0 x  1.78661346435546875,
10 ^         0 x  2.94725728147199086310081336757253060017559122444062761706,
10 ^         1 x  1.8,
10 ^         1 x -2.49203075346978107784578072984228366112142524386642299644,
10 ^         0 x  0.,
